timeout: failed to run command ‘.gradlew’: No such file or directory
