Configuration on demand is an incubating feature.
Calculating task graph as no cached configuration is available for tasks: test 2
> Task :buildSrc:checkKotlinGradlePluginConfigurationErrors SKIPPED
> Task :buildSrc:compileKotlin UP-TO-DATE
> Task :buildSrc:compileJava NO-SOURCE
> Task :buildSrc:compileGroovy NO-SOURCE
> Task :buildSrc:pluginDescriptors UP-TO-DATE
> Task :buildSrc:processResources NO-SOURCE
> Task :buildSrc:classes UP-TO-DATE
> Task :buildSrc:jar UP-TO-DATE
[Incubating] Problems report is available at: file:///C:/Users/Administrator/Liftrix/build/reports/problems/problems-report.html
3 actionable tasks: 3 up-to-date
Configuration cache entry stored.
